\BOOKMARK [1][-]{Doc-Start}{\376\377\000E\000x\000e\000c\000u\000t\000i\000v\000e\000\040\000S\000u\000m\000m\000a\000r\000y}{}% 1
\BOOKMARK [1][-]{Doc-Start}{\376\377\000L\000i\000s\000t\000\040\000o\000f\000\040\000T\000a\000b\000l\000e\000s}{}% 2
\BOOKMARK [1][-]{Doc-Start}{\376\377\000L\000i\000s\000t\000\040\000o\000f\000\040\000F\000i\000g\000u\000r\000e\000s}{}% 3
\BOOKMARK [0][-]{chapter.1}{\376\377\000I\000n\000t\000r\000o\000d\000u\000c\000t\000i\000o\000n}{}% 4
\BOOKMARK [1][-]{section.2}{\376\377\000I\000n\000t\000r\000o\000d\000u\000c\000t\000i\000o\000n}{chapter.1}% 5
\BOOKMARK [1][-]{section.3}{\376\377\000V\000i\000s\000i\000o\000n\000\040\000S\000t\000a\000t\000e\000m\000e\000n\000t}{chapter.1}% 6
\BOOKMARK [1][-]{section.16}{\376\377\000T\000o\000o\000l\000s\000\040\000a\000n\000d\000\040\000T\000e\000c\000h\000n\000o\000l\000o\000g\000i\000e\000s}{chapter.1}% 7
\BOOKMARK [2][-]{subsection.19}{\376\377\000P\000r\000o\000g\000r\000a\000m\000m\000i\000n\000g\000\040\000F\000u\000n\000d\000a\000m\000e\000n\000t\000a\000l\000s}{section.16}% 8
\BOOKMARK [2][-]{subsection.20}{\376\377\000D\000a\000t\000a\000\040\000S\000t\000r\000u\000c\000t\000u\000r\000e\000s\000\040\000a\000n\000d\000\040\000A\000l\000g\000o\000r\000i\000t\000h\000m\000s}{section.16}% 9
\BOOKMARK [2][-]{subsection.21}{\376\377\000D\000a\000t\000a\000b\000a\000s\000e\000\040\000M\000a\000n\000a\000g\000e\000m\000e\000n\000t\000\040\000S\000y\000s\000t\000e\000m\000s}{section.16}% 10
\BOOKMARK [2][-]{subsection.22}{\376\377\000S\000o\000f\000t\000w\000a\000r\000e\000\040\000E\000n\000g\000i\000n\000e\000e\000r\000i\000n\000g}{section.16}% 11
\BOOKMARK [2][-]{subsection.23}{\376\377\000O\000t\000h\000e\000r\000\040\000R\000e\000l\000e\000v\000a\000n\000t\000\040\000C\000o\000u\000r\000s\000e\000s}{section.16}% 12
\BOOKMARK [0][-]{chapter.24}{\376\377\000P\000r\000o\000b\000l\000e\000m\000\040\000D\000e\000f\000i\000n\000i\000t\000i\000o\000n}{}% 13
\BOOKMARK [1][-]{section.25}{\376\377\000P\000r\000o\000b\000l\000e\000m\000\040\000S\000t\000a\000t\000e\000m\000e\000n\000t}{chapter.24}% 14
\BOOKMARK [1][-]{section.26}{\376\377\000P\000r\000o\000p\000o\000s\000e\000d\000\040\000S\000o\000l\000u\000t\000i\000o\000n\000\040\000O\000v\000e\000r\000v\000i\000e\000w}{chapter.24}% 15
\BOOKMARK [1][-]{section.27}{\376\377\000O\000b\000j\000e\000c\000t\000i\000v\000e\000s\000\040\000o\000f\000\040\000t\000h\000e\000\040\000P\000r\000o\000p\000o\000s\000e\000d\000\040\000S\000y\000s\000t\000e\000m}{chapter.24}% 16
\BOOKMARK [1][-]{section.28}{\376\377\000S\000c\000o\000p\000e\000\040\000o\000f\000\040\000t\000h\000e\000\040\000S\000y\000s\000t\000e\000m}{chapter.24}% 17
\BOOKMARK [1][-]{section.29}{\376\377\000S\000y\000s\000t\000e\000m\000\040\000A\000r\000c\000h\000i\000t\000e\000c\000t\000u\000r\000e\000\040\000a\000n\000d\000\040\000M\000o\000d\000u\000l\000e\000s}{chapter.24}% 18
\BOOKMARK [2][-]{subsection.30}{\376\377\000M\000o\000d\000u\000l\000e\000\040\0001\000:\000\040\000P\000r\000o\000f\000i\000l\000e\000\040\000M\000a\000n\000a\000g\000e\000m\000e\000n\000t\000\040\000\050\000R\000e\000g\000i\000s\000t\000r\000a\000t\000i\000o\000n\000\040\000\046\000\040\000V\000e\000r\000i\000f\000i\000c\000a\000t\000i\000o\000n\000\051}{section.29}% 19
\BOOKMARK [2][-]{subsection.31}{\376\377\000M\000o\000d\000u\000l\000e\000\040\0002\000:\000\040\000C\000o\000m\000m\000u\000n\000i\000c\000a\000t\000i\000o\000n\000\040\000M\000o\000d\000u\000l\000e\000\040\000\050\000C\000h\000a\000t\000\040\000\046\000\040\000N\000o\000t\000i\000f\000i\000c\000a\000t\000i\000o\000n\000s\000\051}{section.29}% 20
\BOOKMARK [2][-]{subsection.32}{\376\377\000M\000o\000d\000u\000l\000e\000\040\0003\000:\000\040\000C\000o\000r\000e\000\040\000F\000u\000n\000c\000t\000i\000o\000n\000a\000l\000\040\000M\000o\000d\000u\000l\000e\000\040\000\050\000R\000i\000d\000e\000\040\000M\000a\000n\000a\000g\000e\000m\000e\000n\000t\000\040\000\046\000\040\000B\000o\000o\000k\000i\000n\000g\000\051}{section.29}% 21
\BOOKMARK [2][-]{subsection.33}{\376\377\000M\000o\000d\000u\000l\000e\000\040\0004\000:\000\040\000M\000a\000n\000a\000g\000e\000m\000e\000n\000t\000\040\000/\000\040\000A\000d\000m\000i\000n\000\040\000M\000o\000d\000u\000l\000e}{section.29}% 22
\BOOKMARK [2][-]{subsection.34}{\376\377\000M\000o\000d\000u\000l\000e\000\040\0005\000:\000\040\000A\000d\000v\000a\000n\000c\000e\000d\000\040\000/\000\040\000A\000d\000d\000i\000t\000i\000o\000n\000a\000l\000\040\000F\000e\000a\000t\000u\000r\000e\000s\000\040\000\050\000M\000L\000\040\000\046\000\040\000C\000h\000a\000t\000b\000o\000t\000\051}{section.29}% 23
\BOOKMARK [1][-]{section.35}{\376\377\000A\000s\000s\000u\000m\000p\000t\000i\000o\000n\000s\000\040\000a\000n\000d\000\040\000D\000e\000p\000e\000n\000d\000e\000n\000c\000i\000e\000s}{chapter.24}% 24
\BOOKMARK [1][-]{section.36}{\376\377\000C\000h\000a\000p\000t\000e\000r\000\040\000S\000u\000m\000m\000a\000r\000y}{chapter.24}% 25
\BOOKMARK [0][-]{chapter.37}{\376\377\000R\000e\000q\000u\000i\000r\000e\000m\000e\000n\000t\000\040\000A\000n\000a\000l\000y\000s\000i\000s}{}% 26
\BOOKMARK [1][-]{section.38}{\376\377\000I\000n\000t\000r\000o\000d\000u\000c\000t\000i\000o\000n\000\040\000t\000o\000\040\000R\000e\000q\000u\000i\000r\000e\000m\000e\000n\000t\000\040\000A\000n\000a\000l\000y\000s\000i\000s}{chapter.37}% 27
\BOOKMARK [1][-]{section.39}{\376\377\000R\000e\000q\000u\000i\000r\000e\000m\000e\000n\000t\000\040\000E\000l\000i\000c\000i\000t\000a\000t\000i\000o\000n\000\040\000T\000e\000c\000h\000n\000i\000q\000u\000e\000s}{chapter.37}% 28
\BOOKMARK [1][-]{section.40}{\376\377\000U\000s\000e\000r\000\040\000C\000l\000a\000s\000s\000e\000s\000\040\000a\000n\000d\000\040\000C\000h\000a\000r\000a\000c\000t\000e\000r\000i\000s\000t\000i\000c\000s}{chapter.37}% 29
\BOOKMARK [1][-]{section.43}{\376\377\000U\000s\000e\000\040\000C\000a\000s\000e\000\040\000M\000o\000d\000e\000l}{chapter.37}% 30
\BOOKMARK [2][-]{subsection.44}{\376\377\000U\000s\000e\000\040\000C\000a\000s\000e\000\040\000D\000i\000a\000g\000r\000a\000m}{section.43}% 31
\BOOKMARK [2][-]{subsection.63}{\376\377\000U\000s\000e\000\040\000C\000a\000s\000e\000\040\000D\000e\000s\000c\000r\000i\000p\000t\000i\000o\000n\000s}{section.43}% 32
\BOOKMARK [3][-]{subsubsection.64}{\376\377\000R\000e\000g\000i\000s\000t\000r\000a\000t\000i\000o\000n\000\040\000\046\000\040\000V\000e\000r\000i\000f\000i\000c\000a\000t\000i\000o\000n\000\040\000\050\000U\000C\000-\0001\000\040\000t\000o\000\040\000U\000C\000-\0004\000\051}{subsection.63}% 33
\BOOKMARK [3][-]{subsubsection.65}{\376\377\000V\000e\000h\000i\000c\000l\000e\000\040\000M\000a\000n\000a\000g\000e\000m\000e\000n\000t\000\040\000\050\000U\000C\000-\0005\000\040\000t\000o\000\040\000U\000C\000-\0006\000\051}{subsection.63}% 34
\BOOKMARK [3][-]{subsubsection.66}{\376\377\000R\000i\000d\000e\000\040\000M\000a\000n\000a\000g\000e\000m\000e\000n\000t\000\040\000\050\000U\000C\000-\0007\000\040\000t\000o\000\040\000U\000C\000-\0009\000\051}{subsection.63}% 35
\BOOKMARK [1][-]{section.67}{\376\377\000F\000u\000n\000c\000t\000i\000o\000n\000a\000l\000\040\000R\000e\000q\000u\000i\000r\000e\000m\000e\000n\000t\000s}{chapter.37}% 36
\BOOKMARK [2][-]{subsection.68}{\376\377\000F\000R\000-\0001\000:\000\040\000U\000s\000e\000r\000\040\000R\000e\000g\000i\000s\000t\000r\000a\000t\000i\000o\000n\000\040\000\046\000\040\000A\000u\000t\000h\000e\000n\000t\000i\000c\000a\000t\000i\000o\000n}{section.67}% 37
\BOOKMARK [3][-]{subsubsection.69}{\376\377\000F\000R\000-\0001\000.\0001\000:\000\040\000R\000e\000g\000i\000s\000t\000r\000a\000t\000i\000o\000n\000\040\000F\000i\000e\000l\000d\000s}{subsection.68}% 38
\BOOKMARK [3][-]{subsubsection.70}{\376\377\000F\000R\000-\0001\000.\0002\000:\000\040\000D\000o\000c\000u\000m\000e\000n\000t\000/\000I\000m\000a\000g\000e\000\040\000U\000p\000l\000o\000a\000d\000s}{subsection.68}% 39
\BOOKMARK [3][-]{subsubsection.71}{\376\377\000F\000R\000-\0001\000.\0003\000:\000\040\000O\000T\000P\000\040\000V\000e\000r\000i\000f\000i\000c\000a\000t\000i\000o\000n}{subsection.68}% 40
\BOOKMARK [3][-]{subsubsection.72}{\376\377\000F\000R\000-\0001\000.\0004\000:\000\040\000P\000o\000s\000t\000-\000O\000T\000P\000\040\000S\000t\000a\000t\000e\000\040\000a\000n\000d\000\040\000L\000o\000g\000i\000n}{subsection.68}% 41
\BOOKMARK [2][-]{subsection.73}{\376\377\000F\000R\000-\0002\000:\000\040\000A\000d\000m\000i\000n\000\040\000V\000e\000r\000i\000f\000i\000c\000a\000t\000i\000o\000n\000\040\000\046\000\040\000M\000a\000n\000a\000g\000e\000m\000e\000n\000t}{section.67}% 42
\BOOKMARK [3][-]{subsubsection.74}{\376\377\000F\000R\000-\0002\000.\0001\000:\000\040\000A\000d\000m\000i\000n\000\040\000U\000s\000e\000r\000\040\000L\000i\000s\000t\000\040\000\046\000\040\000D\000e\000t\000a\000i\000l\000s}{subsection.73}% 43
\BOOKMARK [3][-]{subsubsection.75}{\376\377\000F\000R\000-\0002\000.\0002\000:\000\040\000V\000e\000r\000i\000f\000y\000/\000R\000e\000j\000e\000c\000t\000/\000B\000a\000n\000/\000C\000r\000e\000a\000t\000e}{subsection.73}% 44
\BOOKMARK [3][-]{subsubsection.76}{\376\377\000F\000R\000-\0002\000.\0003\000:\000\040\000V\000e\000r\000i\000f\000i\000c\000a\000t\000i\000o\000n\000\040\000S\000L\000A}{subsection.73}% 45
\BOOKMARK [2][-]{subsection.77}{\376\377\000F\000R\000-\0003\000:\000\040\000V\000e\000h\000i\000c\000l\000e\000\040\000M\000a\000n\000a\000g\000e\000m\000e\000n\000t\000\040\000\050\000D\000r\000i\000v\000e\000r\000s\000\051}{section.67}% 46
\BOOKMARK [3][-]{subsubsection.78}{\376\377\000F\000R\000-\0003\000.\0001\000:\000\040\000V\000e\000h\000i\000c\000l\000e\000\040\000C\000r\000e\000a\000t\000i\000o\000n}{subsection.77}% 47
\BOOKMARK [3][-]{subsubsection.79}{\376\377\000F\000R\000-\0003\000.\0002\000:\000\040\000M\000u\000l\000t\000i\000p\000l\000e\000\040\000V\000e\000h\000i\000c\000l\000e\000s\000\040\000\046\000\040\000E\000d\000i\000t\000/\000D\000e\000l\000e\000t\000e}{subsection.77}% 48
\BOOKMARK [2][-]{subsection.80}{\376\377\000F\000R\000-\0004\000:\000\040\000R\000i\000d\000e\000\040\000C\000r\000e\000a\000t\000i\000o\000n\000\040\000\050\000D\000r\000i\000v\000e\000r\000\051}{section.67}% 49
\BOOKMARK [3][-]{subsubsection.81}{\376\377\000F\000R\000-\0004\000.\0001\000:\000\040\000M\000a\000p\000-\000b\000a\000s\000e\000d\000\040\000R\000o\000u\000t\000e\000\040\000E\000d\000i\000t\000o\000r}{subsection.80}% 50
\BOOKMARK [3][-]{subsubsection.82}{\376\377\000F\000R\000-\0004\000.\0002\000:\000\040\000R\000i\000d\000e\000\040\000P\000a\000r\000a\000m\000e\000t\000e\000r\000s}{subsection.80}% 51
\BOOKMARK [3][-]{subsubsection.83}{\376\377\000F\000R\000-\0004\000.\0003\000:\000\040\000R\000i\000d\000e\000\040\000E\000d\000i\000t\000i\000n\000g\000/\000C\000a\000n\000c\000e\000l\000\040\000R\000u\000l\000e\000s}{subsection.80}% 52
\BOOKMARK [2][-]{subsection.84}{\376\377\000F\000R\000-\0005\000:\000\040\000R\000i\000d\000e\000\040\000B\000r\000o\000w\000s\000i\000n\000g\000\040\000\046\000\040\000B\000o\000o\000k\000i\000n\000g\000\040\000\050\000P\000a\000s\000s\000e\000n\000g\000e\000r\000s\000\051}{section.67}% 53
\BOOKMARK [3][-]{subsubsection.85}{\376\377\000F\000R\000-\0005\000.\0001\000:\000\040\000B\000r\000o\000w\000s\000e\000\040\000\046\000\040\000R\000i\000d\000e\000\040\000C\000a\000r\000d}{subsection.84}% 54
\BOOKMARK [3][-]{subsubsection.86}{\376\377\000F\000R\000-\0005\000.\0002\000:\000\040\000B\000o\000o\000k\000i\000n\000g\000\040\000F\000l\000o\000w}{subsection.84}% 55
\BOOKMARK [2][-]{subsection.87}{\376\377\000F\000R\000-\0006\000:\000\040\000F\000a\000r\000e\000\040\000N\000e\000g\000o\000t\000i\000a\000t\000i\000o\000n}{section.67}% 56
\BOOKMARK [3][-]{subsubsection.88}{\376\377\000F\000R\000-\0006\000.\0001\000:\000\040\000N\000e\000g\000o\000t\000i\000a\000t\000i\000o\000n\000\040\000M\000e\000s\000s\000a\000g\000i\000n\000g\000\040\000\046\000\040\000R\000e\000c\000o\000r\000d\000i\000n\000g}{subsection.87}% 57
\BOOKMARK [2][-]{subsection.89}{\376\377\000F\000R\000-\0007\000:\000\040\000B\000o\000o\000k\000i\000n\000g\000\040\000C\000o\000n\000f\000i\000r\000m\000a\000t\000i\000o\000n\000\040\000\046\000\040\000N\000o\000t\000i\000f\000i\000c\000a\000t\000i\000o\000n\000s}{section.67}% 58
\BOOKMARK [3][-]{subsubsection.90}{\376\377\000F\000R\000-\0007\000.\0001\000:\000\040\000N\000o\000t\000i\000f\000i\000c\000a\000t\000i\000o\000n\000s\000\040\000f\000o\000r\000\040\000B\000o\000o\000k\000i\000n\000g\000\040\000E\000v\000e\000n\000t\000s}{subsection.89}% 59
\BOOKMARK [3][-]{subsubsection.91}{\376\377\000F\000R\000-\0007\000.\0002\000:\000\040\000B\000o\000o\000k\000i\000n\000g\000\040\000S\000u\000m\000m\000a\000r\000i\000e\000s}{subsection.89}% 60
\BOOKMARK [2][-]{subsection.92}{\376\377\000F\000R\000-\0008\000:\000\040\000P\000r\000o\000f\000i\000l\000e\000\040\000M\000a\000n\000a\000g\000e\000m\000e\000n\000t}{section.67}% 61
\BOOKMARK [3][-]{subsubsection.93}{\376\377\000F\000R\000-\0008\000.\0001\000:\000\040\000P\000r\000o\000f\000i\000l\000e\000\040\000C\000R\000U\000D}{subsection.92}% 62
\BOOKMARK [2][-]{subsection.94}{\376\377\000F\000R\000-\0009\000:\000\040\000A\000d\000m\000i\000n\000\040\000\046\000\040\000S\000y\000s\000t\000e\000m\000\040\000N\000o\000t\000i\000f\000i\000c\000a\000t\000i\000o\000n\000s}{section.67}% 63
\BOOKMARK [2][-]{subsection.95}{\376\377\000F\000R\000-\0001\0000\000:\000\040\000D\000i\000s\000p\000u\000t\000e\000\040\000M\000a\000n\000a\000g\000e\000m\000e\000n\000t}{section.67}% 64
\BOOKMARK [2][-]{subsection.96}{\376\377\000F\000R\000-\0001\0001\000:\000\040\000M\000a\000c\000h\000i\000n\000e\000\040\000L\000e\000a\000r\000n\000i\000n\000g\000\040\000R\000e\000c\000o\000m\000m\000e\000n\000d\000a\000t\000i\000o\000n\000\040\000M\000o\000d\000u\000l\000e}{section.67}% 65
\BOOKMARK [2][-]{subsection.97}{\376\377\000F\000R\000-\0001\0002\000:\000\040\000C\000h\000a\000t\000b\000o\000t\000\040\000S\000u\000p\000p\000o\000r\000t}{section.67}% 66
\BOOKMARK [2][-]{subsection.98}{\376\377\000F\000R\000-\0001\0003\000:\000\040\000P\000a\000y\000m\000e\000n\000t\000\040\000S\000y\000s\000t\000e\000m}{section.67}% 67
\BOOKMARK [3][-]{subsubsection.99}{\376\377\000F\000R\000-\0001\0003\000.\0001\000:\000\040\000P\000a\000y\000m\000e\000n\000t\000\040\000M\000e\000t\000h\000o\000d\000s\000\040\000\046\000\040\000V\000a\000l\000i\000d\000a\000t\000i\000o\000n\000\040\000R\000u\000l\000e\000s}{subsection.98}% 68
\BOOKMARK [3][-]{subsubsection.100}{\376\377\000F\000R\000-\0001\0003\000.\0002\000:\000\040\000M\000a\000n\000u\000a\000l\000\040\000P\000a\000y\000m\000e\000n\000t\000\040\000C\000o\000n\000f\000i\000r\000m\000a\000t\000i\000o\000n}{subsection.98}% 69
\BOOKMARK [2][-]{subsection.101}{\376\377\000F\000R\000-\0001\0004\000:\000\040\000S\000a\000f\000e\000t\000y\000\040\000\046\000\040\000V\000e\000r\000i\000f\000i\000c\000a\000t\000i\000o\000n}{section.67}% 70
\BOOKMARK [2][-]{subsection.102}{\376\377\000F\000R\000-\0001\0005\000:\000\040\000S\000c\000a\000l\000a\000b\000i\000l\000i\000t\000y\000\040\000\046\000\040\000M\000o\000d\000u\000l\000a\000r\000\040\000A\000r\000c\000h\000i\000t\000e\000c\000t\000u\000r\000e}{section.67}% 71
\BOOKMARK [2][-]{subsection.103}{\376\377\000F\000R\000-\0001\0006\000:\000\040\000P\000o\000s\000t\000-\000B\000o\000o\000k\000i\000n\000g\000,\000\040\000L\000i\000v\000e\000-\000T\000r\000a\000c\000k\000i\000n\000g\000,\000\040\000P\000i\000c\000k\000u\000p\000\040\000V\000e\000r\000i\000f\000i\000c\000a\000t\000i\000o\000n}{section.67}% 72
\BOOKMARK [3][-]{subsubsection.104}{\376\377\000F\000R\000-\0001\0006\000.\0001\000:\000\040\000P\000o\000s\000t\000-\000b\000o\000o\000k\000i\000n\000g\000\040\000C\000h\000a\000t\000\040\000\050\0001\000:\0001\000\040\000\046\000\040\000B\000r\000o\000a\000d\000c\000a\000s\000t\000\051}{subsection.103}% 73
\BOOKMARK [3][-]{subsubsection.105}{\376\377\000F\000R\000-\0001\0006\000.\0002\000:\000\040\000P\000r\000e\000-\000R\000i\000d\000e\000\040\000R\000e\000m\000i\000n\000d\000e\000r\000\040\000\046\000\040\000L\000o\000c\000a\000t\000i\000o\000n\000\040\000P\000e\000r\000m\000i\000s\000s\000i\000o\000n}{subsection.103}% 74
\BOOKMARK [3][-]{subsubsection.106}{\376\377\000F\000R\000-\0001\0006\000.\0003\000:\000\040\000L\000i\000v\000e\000\040\000M\000a\000p\000\040\000\046\000\040\000S\000O\000S\000\040\000U\000I}{subsection.103}% 75
\BOOKMARK [3][-]{subsubsection.107}{\376\377\000F\000R\000-\0001\0006\000.\0004\000:\000\040\000P\000i\000c\000k\000u\000p\000\040\000C\000o\000d\000e\000\040\000G\000e\000n\000e\000r\000a\000t\000i\000o\000n\000\040\000\046\000\040\000V\000e\000r\000i\000f\000i\000c\000a\000t\000i\000o\000n}{subsection.103}% 76
\BOOKMARK [3][-]{subsubsection.108}{\376\377\000F\000R\000-\0001\0006\000.\0005\000:\000\040\000M\000a\000r\000k\000\040\000a\000s\000\040\000R\000e\000a\000c\000h\000e\000d\000,\000\040\000P\000a\000y\000m\000e\000n\000t\000\040\000\046\000\040\000R\000a\000t\000i\000n\000g\000s}{subsection.103}% 77
\BOOKMARK [3][-]{subsubsection.109}{\376\377\000F\000R\000-\0001\0006\000.\0006\000:\000\040\000R\000i\000d\000e\000\040\000C\000o\000m\000p\000l\000e\000t\000i\000o\000n\000\040\000R\000u\000l\000e\000s\000\040\000\046\000\040\000D\000r\000i\000v\000e\000r\000\040\000C\000o\000n\000s\000t\000r\000a\000i\000n\000t}{subsection.103}% 78
\BOOKMARK [3][-]{subsubsection.110}{\376\377\000F\000R\000-\0001\0006\000.\0007\000:\000\040\000S\000O\000S\000\040\000\046\000\040\000E\000m\000e\000r\000g\000e\000n\000c\000y\000\040\000W\000o\000r\000k\000f\000l\000o\000w\000s}{subsection.103}% 79
\BOOKMARK [3][-]{subsubsection.111}{\376\377\000F\000R\000-\0001\0006\000.\0008\000:\000\040\000E\000s\000c\000a\000l\000a\000t\000i\000o\000n\000\040\000T\000i\000m\000e\000r\000s\000\040\000\046\000\040\000N\000o\000t\000i\000f\000i\000c\000a\000t\000i\000o\000n\000s}{subsection.103}% 80
\BOOKMARK [3][-]{subsubsection.112}{\376\377\000F\000R\000-\0001\0006\000.\0009\000:\000\040\000A\000u\000d\000i\000t\000,\000\040\000L\000o\000g\000g\000i\000n\000g\000\040\000\046\000\040\000A\000n\000t\000i\000-\000F\000r\000a\000u\000d}{subsection.103}% 81
\BOOKMARK [3][-]{subsubsection.113}{\376\377\000F\000R\000-\0001\0006\000.\0001\0000\000:\000\040\000U\000X\000\040\000\046\000\040\000A\000c\000c\000e\000s\000s\000i\000b\000i\000l\000i\000t\000y\000\040\000R\000e\000q\000u\000i\000r\000e\000m\000e\000n\000t\000s}{subsection.103}% 82
\BOOKMARK [1][-]{section.114}{\376\377\000N\000o\000n\000-\000F\000u\000n\000c\000t\000i\000o\000n\000a\000l\000\040\000R\000e\000q\000u\000i\000r\000e\000m\000e\000n\000t\000s}{chapter.37}% 83
\BOOKMARK [2][-]{subsection.115}{\376\377\000P\000e\000r\000f\000o\000r\000m\000a\000n\000c\000e\000\040\000R\000e\000q\000u\000i\000r\000e\000m\000e\000n\000t\000s}{section.114}% 84
\BOOKMARK [2][-]{subsection.116}{\376\377\000S\000e\000c\000u\000r\000i\000t\000y\000\040\000R\000e\000q\000u\000i\000r\000e\000m\000e\000n\000t\000s}{section.114}% 85
\BOOKMARK [2][-]{subsection.117}{\376\377\000R\000e\000l\000i\000a\000b\000i\000l\000i\000t\000y\000\040\000R\000e\000q\000u\000i\000r\000e\000m\000e\000n\000t\000s}{section.114}% 86
\BOOKMARK [2][-]{subsection.118}{\376\377\000U\000s\000a\000b\000i\000l\000i\000t\000y\000\040\000R\000e\000q\000u\000i\000r\000e\000m\000e\000n\000t\000s}{section.114}% 87
\BOOKMARK [2][-]{subsection.119}{\376\377\000S\000c\000a\000l\000a\000b\000i\000l\000i\000t\000y\000\040\000R\000e\000q\000u\000i\000r\000e\000m\000e\000n\000t\000s}{section.114}% 88
\BOOKMARK [2][-]{subsection.120}{\376\377\000M\000a\000i\000n\000t\000a\000i\000n\000a\000b\000i\000l\000i\000t\000y\000\040\000R\000e\000q\000u\000i\000r\000e\000m\000e\000n\000t\000s}{section.114}% 89
\BOOKMARK [1][-]{section.121}{\376\377\000E\000x\000t\000e\000r\000n\000a\000l\000\040\000I\000n\000t\000e\000r\000f\000a\000c\000e\000\040\000R\000e\000q\000u\000i\000r\000e\000m\000e\000n\000t\000s}{chapter.37}% 90
\BOOKMARK [2][-]{subsection.122}{\376\377\000U\000s\000e\000r\000\040\000I\000n\000t\000e\000r\000f\000a\000c\000e\000\040\000R\000e\000q\000u\000i\000r\000e\000m\000e\000n\000t\000s}{section.121}% 91
\BOOKMARK [2][-]{subsection.123}{\376\377\000H\000a\000r\000d\000w\000a\000r\000e\000\040\000I\000n\000t\000e\000r\000f\000a\000c\000e\000\040\000R\000e\000q\000u\000i\000r\000e\000m\000e\000n\000t\000s}{section.121}% 92
\BOOKMARK [2][-]{subsection.124}{\376\377\000S\000o\000f\000t\000w\000a\000r\000e\000\040\000I\000n\000t\000e\000r\000f\000a\000c\000e\000\040\000R\000e\000q\000u\000i\000r\000e\000m\000e\000n\000t\000s}{section.121}% 93
\BOOKMARK [2][-]{subsection.125}{\376\377\000C\000o\000m\000m\000u\000n\000i\000c\000a\000t\000i\000o\000n\000\040\000I\000n\000t\000e\000r\000f\000a\000c\000e\000\040\000R\000e\000q\000u\000i\000r\000e\000m\000e\000n\000t\000s}{section.121}% 94
\BOOKMARK [1][-]{section.126}{\376\377\000A\000s\000s\000u\000m\000p\000t\000i\000o\000n\000s\000\040\000a\000n\000d\000\040\000D\000e\000p\000e\000n\000d\000e\000n\000c\000i\000e\000s}{chapter.37}% 95
\BOOKMARK [1][-]{section.127}{\376\377\000R\000e\000q\000u\000i\000r\000e\000m\000e\000n\000t\000\040\000T\000r\000a\000c\000e\000a\000b\000i\000l\000i\000t\000y\000\040\000M\000a\000t\000r\000i\000x}{chapter.37}% 96
\BOOKMARK [0][-]{chapter.128}{\376\377\000S\000o\000f\000t\000w\000a\000r\000e\000\040\000D\000e\000s\000i\000g\000n}{}% 97
\BOOKMARK [1][-]{section.129}{\376\377\000I\000n\000t\000r\000o\000d\000u\000c\000t\000i\000o\000n\000\040\000t\000o\000\040\000S\000o\000f\000t\000w\000a\000r\000e\000\040\000D\000e\000s\000i\000g\000n}{chapter.128}% 98
\BOOKMARK [1][-]{section.130}{\376\377\000D\000e\000s\000i\000g\000n\000\040\000M\000e\000t\000h\000o\000d\000o\000l\000o\000g\000y\000\040\000a\000n\000d\000\040\000S\000o\000f\000t\000w\000a\000r\000e\000\040\000P\000r\000o\000c\000e\000s\000s\000\040\000M\000o\000d\000e\000l}{chapter.128}% 99
\BOOKMARK [2][-]{subsection.131}{\376\377\000D\000e\000s\000i\000g\000n\000\040\000M\000e\000t\000h\000o\000d\000o\000l\000o\000g\000y}{section.130}% 100
\BOOKMARK [3][-]{subsubsection.132}{\376\377\000R\000e\000a\000s\000o\000n\000s\000\040\000b\000e\000h\000i\000n\000d\000\040\000t\000h\000e\000\040\000u\000s\000e\000\040\000o\000f\000\040\000O\000b\000j\000e\000c\000t\000-\000O\000r\000i\000e\000n\000t\000e\000d\000\040\000D\000e\000s\000i\000g\000n\000\040\000\050\000O\000O\000D\000\051}{subsection.131}% 101
\BOOKMARK [2][-]{subsection.133}{\376\377\000S\000o\000f\000t\000w\000a\000r\000e\000\040\000P\000r\000o\000c\000e\000s\000s\000\040\000M\000o\000d\000e\000l}{section.130}% 102
\BOOKMARK [3][-]{subsubsection.134}{\376\377\000J\000u\000s\000t\000i\000f\000i\000c\000a\000t\000i\000o\000n\000\040\000f\000o\000r\000\040\000U\000s\000i\000n\000g\000\040\000A\000g\000i\000l\000e\000/\000S\000c\000r\000u\000m}{subsection.133}% 103
\BOOKMARK [1][-]{section.135}{\376\377\000S\000y\000s\000t\000e\000m\000\040\000O\000v\000e\000r\000v\000i\000e\000w}{chapter.128}% 104
\BOOKMARK [2][-]{subsection.136}{\376\377\000E\000x\000t\000e\000r\000n\000a\000l\000\040\000A\000c\000t\000o\000r\000s}{section.135}% 105
\BOOKMARK [2][-]{subsection.137}{\376\377\000E\000x\000t\000e\000r\000n\000a\000l\000\040\000S\000e\000r\000v\000i\000c\000e\000s}{section.135}% 106
\BOOKMARK [2][-]{subsection.138}{\376\377\000B\000a\000c\000k\000e\000n\000d\000\040\000\050\000D\000j\000a\000n\000g\000o\000\040\000M\000V\000C\000\040\000+\000\040\000J\000S\000O\000N\000\040\000A\000P\000I\000s\000\051}{section.135}% 107
\BOOKMARK [2][-]{subsection.139}{\376\377\000D\000a\000t\000a\000b\000a\000s\000e\000\040\000\050\000P\000o\000s\000t\000g\000r\000e\000S\000Q\000L\000\051}{section.135}% 108
\BOOKMARK [2][-]{subsection.140}{\376\377\000C\000o\000n\000t\000e\000x\000t\000\040\000D\000i\000a\000g\000r\000a\000m}{section.135}% 109
\BOOKMARK [1][-]{section.143}{\376\377\000A\000r\000c\000h\000i\000t\000e\000c\000t\000u\000r\000a\000l\000\040\000D\000e\000s\000i\000g\000n}{chapter.128}% 110
\BOOKMARK [2][-]{subsection.144}{\376\377\000A\000r\000c\000h\000i\000t\000e\000c\000t\000u\000r\000e\000\040\000S\000t\000y\000l\000e\000\040\000\050\000M\000V\000C\000\040\000+\000\040\000M\000u\000l\000t\000i\000-\000t\000i\000e\000r\000\051}{section.143}% 111
\BOOKMARK [3][-]{subsubsection.145}{\376\377\000M\000V\000C\000\040\000A\000r\000c\000h\000i\000t\000e\000c\000t\000u\000r\000e\000\040\000\050\000w\000i\000t\000h\000i\000n\000\040\000D\000j\000a\000n\000g\000o\000\040\000b\000a\000c\000k\000e\000n\000d\000\040\000s\000e\000r\000v\000e\000r\000s\000\051}{subsection.144}% 112
\BOOKMARK [2][-]{subsection.148}{\376\377\000H\000i\000g\000h\000-\000L\000e\000v\000e\000l\000\040\000S\000y\000s\000t\000e\000m\000\040\000C\000o\000m\000p\000o\000n\000e\000n\000t\000s}{section.143}% 113
\BOOKMARK [2][-]{subsection.149}{\376\377\000M\000u\000l\000t\000i\000-\000T\000i\000e\000r\000\040\000D\000e\000p\000l\000o\000y\000m\000e\000n\000t\000\040\000A\000r\000c\000h\000i\000t\000e\000c\000t\000u\000r\000e}{section.143}% 114
\BOOKMARK [3][-]{subsubsection.150}{\376\377\000T\000i\000e\000r\000\040\0001\000\040\000-\000\040\000C\000l\000i\000e\000n\000t\000\040\000L\000a\000y\000e\000r}{subsection.149}% 115
\BOOKMARK [3][-]{subsubsection.151}{\376\377\000T\000i\000e\000r\000\040\0002\000\040\000-\000\040\000A\000p\000p\000l\000i\000c\000a\000t\000i\000o\000n\000\040\000L\000a\000y\000e\000r}{subsection.149}% 116
\BOOKMARK [3][-]{subsubsection.152}{\376\377\000T\000i\000e\000r\000\040\0003\000\040\000-\000\040\000E\000x\000t\000e\000r\000n\000a\000l\000\040\000S\000e\000r\000v\000i\000c\000e\000s\000\040\000L\000a\000y\000e\000r}{subsection.149}% 117
\BOOKMARK [3][-]{subsubsection.153}{\376\377\000T\000i\000e\000r\000\040\0004\000\040\000-\000\040\000D\000a\000t\000a\000\040\000L\000a\000y\000e\000r}{subsection.149}% 118
\BOOKMARK [2][-]{subsection.154}{\376\377\000E\000x\000t\000e\000r\000n\000a\000l\000\040\000S\000e\000r\000v\000i\000c\000e\000s\000\040\000I\000n\000t\000e\000g\000r\000a\000t\000i\000o\000n}{section.143}% 119
\BOOKMARK [3][-]{subsubsection.155}{\376\377\000M\000a\000p\000\040\000S\000e\000r\000v\000i\000c\000e}{subsection.154}% 120
\BOOKMARK [3][-]{subsubsection.156}{\376\377\000N\000o\000t\000i\000f\000i\000c\000a\000t\000i\000o\000n\000\040\000S\000e\000r\000v\000i\000c\000e}{subsection.154}% 121
\BOOKMARK [3][-]{subsubsection.157}{\376\377\000M\000L\000\040\000R\000e\000c\000o\000m\000m\000e\000n\000d\000a\000t\000i\000o\000n\000\040\000S\000e\000r\000v\000i\000c\000e}{subsection.154}% 122
\BOOKMARK [3][-]{subsubsection.158}{\376\377\000C\000h\000a\000t\000b\000o\000t\000\040\000S\000e\000r\000v\000i\000c\000e}{subsection.154}% 123
\BOOKMARK [3][-]{subsubsection.159}{\376\377\000S\000t\000o\000r\000a\000g\000e\000\040\000S\000e\000r\000v\000i\000c\000e}{subsection.154}% 124
\BOOKMARK [2][-]{subsection.160}{\376\377\000A\000r\000c\000h\000i\000t\000e\000c\000t\000u\000r\000e\000\040\000D\000i\000a\000g\000r\000a\000m}{section.143}% 125
\BOOKMARK [1][-]{section.163}{\376\377\000D\000e\000s\000i\000g\000n\000\040\000M\000o\000d\000e\000l\000s}{chapter.128}% 126
\BOOKMARK [2][-]{subsection.164}{\376\377\000A\000c\000t\000i\000v\000i\000t\000y\000\040\000D\000i\000a\000g\000r\000a\000m\000s}{section.163}% 127
\BOOKMARK [3][-]{subsubsection.165}{\376\377\000A\000u\000t\000h\000e\000n\000t\000i\000c\000a\000t\000i\000o\000n\000\040\000\046\000\040\000O\000n\000b\000o\000a\000r\000d\000i\000n\000g\000\040\000\050\000R\000e\000g\000i\000s\000t\000e\000r\000,\000\040\000O\000T\000P\000,\000\040\000A\000d\000m\000i\000n\000\040\000v\000e\000r\000i\000f\000y\000\051}{subsection.164}% 128
\BOOKMARK [3][-]{subsubsection.168}{\376\377\000D\000o\000c\000u\000m\000e\000n\000t\000\040\000M\000a\000n\000a\000g\000e\000m\000e\000n\000t\000\040\000\050\000u\000p\000l\000o\000a\000d\000s\000\040\000\046\000\040\000v\000e\000r\000i\000f\000i\000c\000a\000t\000i\000o\000n\000\051}{subsection.164}% 129
\BOOKMARK [3][-]{subsubsection.171}{\376\377\000V\000e\000h\000i\000c\000l\000e\000\040\000M\000a\000n\000a\000g\000e\000m\000e\000n\000t\000\040\000\050\000a\000d\000d\000/\000e\000d\000i\000t\000/\000d\000e\000l\000e\000t\000e\000\040\000v\000e\000h\000i\000c\000l\000e\000s\000\051}{subsection.164}% 130
\BOOKMARK [3][-]{subsubsection.174}{\376\377\000R\000i\000d\000e\000\040\000M\000a\000n\000a\000g\000e\000m\000e\000n\000t\000\040\000\050\000c\000r\000e\000a\000t\000e\000/\000e\000d\000i\000t\000/\000c\000a\000n\000c\000e\000l\000,\000\040\000r\000o\000u\000t\000e\000\040\000\046\000\040\000s\000t\000o\000p\000s\000\051}{subsection.164}% 131
\BOOKMARK [3][-]{subsubsection.177}{\376\377\000M\000a\000r\000k\000e\000t\000p\000l\000a\000c\000e\000\040\000/\000\040\000B\000r\000o\000w\000s\000e\000\040\000\046\000\040\000S\000e\000a\000r\000c\000h\000\040\000/\000\040\000R\000i\000d\000e\000\040\000D\000e\000t\000a\000i\000l\000s}{subsection.164}% 132
\BOOKMARK [3][-]{subsubsection.180}{\376\377\000B\000o\000o\000k\000i\000n\000g\000\040\000\046\000\040\000S\000e\000a\000t\000\040\000M\000a\000n\000a\000g\000e\000m\000e\000n\000t\000\040\000\050\000s\000e\000l\000e\000c\000t\000\040\000s\000e\000a\000t\000s\000,\000\040\000l\000o\000c\000k\000\040\000s\000e\000a\000t\000s\000\051}{subsection.164}% 133
\BOOKMARK [3][-]{subsubsection.183}{\376\377\000P\000o\000s\000t\000-\000B\000o\000o\000k\000i\000n\000g\000\040\000C\000h\000a\000t\000\040\000/\000\040\000M\000e\000s\000s\000a\000g\000i\000n\000g\000\040\000\046\000\040\000B\000r\000o\000a\000d\000c\000a\000s\000t}{subsection.164}% 134
\BOOKMARK [3][-]{subsubsection.186}{\376\377\000S\000c\000h\000e\000d\000u\000l\000e\000r\000\040\000/\000\040\000P\000r\000e\000-\000R\000i\000d\000e\000\040\000R\000e\000m\000i\000n\000d\000e\000r\000s\000\040\000\046\000\040\000P\000e\000r\000m\000i\000s\000s\000i\000o\000n\000\040\000P\000r\000o\000m\000p\000t}{subsection.164}% 135
\BOOKMARK [3][-]{subsubsection.189}{\376\377\000L\000i\000v\000e\000\040\000T\000r\000a\000c\000k\000i\000n\000g\000\040\000\046\000\040\000P\000i\000c\000k\000u\000p\000\040\000C\000o\000d\000e\000\040\000\050\000S\000t\000a\000r\000t\000\040\000R\000i\000d\000e\000\040\000/\000\040\000g\000e\000o\000f\000e\000n\000c\000e\000\051}{subsection.164}% 136
\BOOKMARK [3][-]{subsubsection.192}{\376\377\000P\000a\000y\000m\000e\000n\000t\000\040\000\046\000\040\000M\000a\000n\000u\000a\000l\000\040\000P\000a\000y\000m\000e\000n\000t\000\040\000C\000o\000n\000f\000i\000r\000m\000a\000t\000i\000o\000n\000\040\000\050\000c\000a\000s\000h\000\040\000/\000\040\000Q\000R\000\040\000/\000\040\000b\000a\000n\000k\000\040\000t\000r\000a\000n\000s\000f\000e\000r\000\051}{subsection.164}% 137
\BOOKMARK [3][-]{subsubsection.195}{\376\377\000R\000a\000t\000i\000n\000g\000s\000\040\000\046\000\040\000C\000o\000m\000p\000l\000e\000t\000i\000o\000n\000\040\000W\000o\000r\000k\000f\000l\000o\000w\000\040\000\050\000m\000a\000r\000k\000\040\000r\000e\000a\000c\000h\000e\000d\000,\000\040\000c\000o\000m\000p\000l\000e\000t\000e\000,\000\040\000r\000a\000t\000i\000n\000g\000\051}{subsection.164}% 138
\BOOKMARK [3][-]{subsubsection.198}{\376\377\000S\000O\000S\000\040\000/\000\040\000E\000m\000e\000r\000g\000e\000n\000c\000y\000\040\000\046\000\040\000I\000n\000c\000i\000d\000e\000n\000t\000\040\000M\000a\000n\000a\000g\000e\000m\000e\000n\000t}{subsection.164}% 139
\BOOKMARK [3][-]{subsubsection.201}{\376\377\000D\000i\000s\000p\000u\000t\000e\000\040\000M\000a\000n\000a\000g\000e\000m\000e\000n\000t\000\040\000\046\000\040\000A\000d\000m\000i\000n\000\040\000D\000a\000s\000h\000b\000o\000a\000r\000d\000\040\000\050\000v\000i\000e\000w\000\040\000\046\000\040\000r\000e\000s\000o\000l\000v\000e\000\040\000d\000i\000s\000p\000u\000t\000e\000s\000\051}{subsection.164}% 140
\BOOKMARK [2][-]{subsection.204}{\376\377\000C\000l\000a\000s\000s\000\040\000D\000i\000a\000g\000r\000a\000m}{section.163}% 141
\BOOKMARK [3][-]{subsubsection.207}{\376\377\000K\000e\000y\000\040\000C\000l\000a\000s\000s\000e\000s\000\040\000a\000n\000d\000\040\000R\000e\000s\000p\000o\000n\000s\000i\000b\000i\000l\000i\000t\000i\000e\000s}{subsection.204}% 142
\BOOKMARK [3][-]{subsubsection.208}{\376\377\000R\000e\000l\000a\000t\000i\000o\000n\000s\000h\000i\000p\000s}{subsection.204}% 143
\BOOKMARK [2][-]{subsection.209}{\376\377\000S\000e\000q\000u\000e\000n\000c\000e\000\040\000D\000i\000a\000g\000r\000a\000m\000s}{section.163}% 144
\BOOKMARK [3][-]{subsubsection.210}{\376\377\000S\000e\000q\000u\000e\000n\000c\000e\000\040\000D\000i\000a\000g\000r\000a\000m\000\040\040\023\000\040\000A\000u\000t\000h\000e\000n\000t\000i\000c\000a\000t\000i\000o\000n\000\040\000\050\000L\000o\000g\000i\000n\000/\000S\000i\000g\000n\000u\000p\000\051}{subsection.209}% 145
\BOOKMARK [3][-]{subsubsection.213}{\376\377\000S\000e\000q\000u\000e\000n\000c\000e\000\040\000D\000i\000a\000g\000r\000a\000m\000\040\040\023\000\040\000R\000i\000d\000e\000\040\000P\000o\000s\000t\000i\000n\000g}{subsection.209}% 146
\BOOKMARK [3][-]{subsubsection.216}{\376\377\000S\000e\000q\000u\000e\000n\000c\000e\000\040\000D\000i\000a\000g\000r\000a\000m\000\040\040\023\000\040\000B\000o\000o\000k\000i\000n\000g\000\040\000+\000\040\000D\000r\000i\000v\000e\000r\000\040\000A\000c\000c\000e\000p\000t\000a\000n\000c\000e}{subsection.209}% 147
\BOOKMARK [3][-]{subsubsection.219}{\376\377\000S\000e\000q\000u\000e\000n\000c\000e\000\040\000D\000i\000a\000g\000r\000a\000m\000\040\040\023\000\040\000L\000i\000v\000e\000\040\000T\000r\000a\000c\000k\000i\000n\000g\000\040\000+\000\040\000R\000i\000d\000e\000\040\000C\000o\000m\000p\000l\000e\000t\000i\000o\000n\000\040\000+\000\040\000P\000a\000y\000m\000e\000n\000t}{subsection.209}% 148
\BOOKMARK [2][-]{subsection.222}{\376\377\000S\000t\000a\000t\000e\000\040\000T\000r\000a\000n\000s\000i\000t\000i\000o\000n\000\040\000D\000i\000a\000g\000r\000a\000m\000s}{section.163}% 149
\BOOKMARK [3][-]{subsubsection.223}{\376\377\000S\000t\000a\000t\000e\000\040\000T\000r\000a\000n\000s\000i\000t\000i\000o\000n\000\040\000D\000i\000a\000g\000r\000a\000m\000\040\040\023\000\040\000R\000i\000d\000e\000\040\000R\000e\000q\000u\000e\000s\000t\000\040\000a\000n\000d\000\040\000B\000o\000o\000k\000i\000n\000g}{subsection.222}% 150
\BOOKMARK [3][-]{subsubsection.226}{\376\377\000S\000t\000a\000t\000e\000\040\000T\000r\000a\000n\000s\000i\000t\000i\000o\000n\000\040\000D\000i\000a\000g\000r\000a\000m\000\040\040\023\000\040\000D\000r\000i\000v\000e\000r\000\040\000S\000t\000a\000t\000e\000s}{subsection.222}% 151
\BOOKMARK [3][-]{subsubsection.229}{\376\377\000S\000t\000a\000t\000e\000\040\000T\000r\000a\000n\000s\000i\000t\000i\000o\000n\000\040\000D\000i\000a\000g\000r\000a\000m\000\040\040\023\000\040\000P\000a\000s\000s\000e\000n\000g\000e\000r\000\040\000S\000t\000a\000t\000e\000s}{subsection.222}% 152
\BOOKMARK [3][-]{subsubsection.232}{\376\377\000S\000t\000a\000t\000e\000\040\000T\000r\000a\000n\000s\000i\000t\000i\000o\000n\000\040\000D\000i\000a\000g\000r\000a\000m\000\040\040\023\000\040\000S\000O\000S\000\040\000S\000t\000a\000t\000e\000s}{subsection.222}% 153
\BOOKMARK [3][-]{subsubsection.235}{\376\377\000C\000o\000m\000p\000l\000a\000i\000n\000t\000\040\000a\000n\000d\000\040\000D\000i\000s\000p\000u\000t\000e\000\040\000S\000t\000a\000t\000e\000s\000\040\000M\000a\000c\000h\000i\000n\000e}{subsection.222}% 154
\BOOKMARK [1][-]{section.238}{\376\377\000D\000a\000t\000a\000\040\000F\000l\000o\000w\000\040\000D\000i\000a\000g\000r\000a\000m\000s}{chapter.128}% 155
\BOOKMARK [2][-]{subsection.239}{\376\377\000L\000e\000v\000e\000l\000\040\0001\000\040\000D\000a\000t\000a\000\040\000F\000l\000o\000w\000\040\000D\000i\000a\000g\000r\000a\000m\000s}{section.238}% 156
\BOOKMARK [3][-]{subsubsection.240}{\376\377\000A\000u\000t\000h\000e\000n\000t\000i\000c\000a\000t\000i\000o\000n\000\040\000\046\000\040\000O\000n\000b\000o\000a\000r\000d\000i\000n\000g\000\040\000\050\000R\000e\000g\000i\000s\000t\000e\000r\000,\000\040\000O\000T\000P\000,\000\040\000A\000d\000m\000i\000n\000\040\000v\000e\000r\000i\000f\000y\000\051}{subsection.239}% 157
\BOOKMARK [3][-]{subsubsection.243}{\376\377\000D\000o\000c\000u\000m\000e\000n\000t\000\040\000M\000a\000n\000a\000g\000e\000m\000e\000n\000t\000\040\000\050\000u\000p\000l\000o\000a\000d\000s\000\040\000\046\000\040\000v\000e\000r\000i\000f\000i\000c\000a\000t\000i\000o\000n\000\051}{subsection.239}% 158
\BOOKMARK [3][-]{subsubsection.246}{\376\377\000V\000e\000h\000i\000c\000l\000e\000\040\000M\000a\000n\000a\000g\000e\000m\000e\000n\000t\000\040\000\050\000a\000d\000d\000/\000e\000d\000i\000t\000/\000d\000e\000l\000e\000t\000e\000\040\000v\000e\000h\000i\000c\000l\000e\000s\000\051}{subsection.239}% 159
\BOOKMARK [3][-]{subsubsection.249}{\376\377\000R\000i\000d\000e\000\040\000M\000a\000n\000a\000g\000e\000m\000e\000n\000t\000\040\000\050\000c\000r\000e\000a\000t\000e\000/\000e\000d\000i\000t\000/\000c\000a\000n\000c\000e\000l\000,\000\040\000r\000o\000u\000t\000e\000\040\000\046\000\040\000s\000t\000o\000p\000s\000\051}{subsection.239}% 160
\BOOKMARK [3][-]{subsubsection.252}{\376\377\000M\000a\000r\000k\000e\000t\000p\000l\000a\000c\000e\000\040\000/\000\040\000B\000r\000o\000w\000s\000e\000\040\000\046\000\040\000S\000e\000a\000r\000c\000h\000\040\000/\000\040\000R\000i\000d\000e\000\040\000D\000e\000t\000a\000i\000l\000s}{subsection.239}% 161
\BOOKMARK [3][-]{subsubsection.255}{\376\377\000B\000o\000o\000k\000i\000n\000g\000\040\000\046\000\040\000S\000e\000a\000t\000\040\000M\000a\000n\000a\000g\000e\000m\000e\000n\000t\000\040\000\050\000s\000e\000l\000e\000c\000t\000\040\000s\000e\000a\000t\000s\000,\000\040\000l\000o\000c\000k\000\040\000s\000e\000a\000t\000s\000\051}{subsection.239}% 162
\BOOKMARK [3][-]{subsubsection.258}{\376\377\000P\000o\000s\000t\000-\000B\000o\000o\000k\000i\000n\000g\000\040\000C\000h\000a\000t\000\040\000/\000\040\000M\000e\000s\000s\000a\000g\000i\000n\000g\000\040\000\046\000\040\000B\000r\000o\000a\000d\000c\000a\000s\000t}{subsection.239}% 163
\BOOKMARK [3][-]{subsubsection.261}{\376\377\000S\000c\000h\000e\000d\000u\000l\000e\000r\000\040\000/\000\040\000P\000r\000e\000-\000R\000i\000d\000e\000\040\000R\000e\000m\000i\000n\000d\000e\000r\000s\000\040\000\046\000\040\000P\000e\000r\000m\000i\000s\000s\000i\000o\000n\000\040\000P\000r\000o\000m\000p\000t}{subsection.239}% 164
\BOOKMARK [3][-]{subsubsection.264}{\376\377\000L\000i\000v\000e\000\040\000T\000r\000a\000c\000k\000i\000n\000g\000\040\000\046\000\040\000P\000i\000c\000k\000u\000p\000\040\000C\000o\000d\000e\000\040\000\050\000S\000t\000a\000r\000t\000\040\000R\000i\000d\000e\000\040\000/\000\040\000g\000e\000o\000f\000e\000n\000c\000e\000\051}{subsection.239}% 165
\BOOKMARK [3][-]{subsubsection.267}{\376\377\000P\000a\000y\000m\000e\000n\000t\000\040\000\046\000\040\000M\000a\000n\000u\000a\000l\000\040\000P\000a\000y\000m\000e\000n\000t\000\040\000C\000o\000n\000f\000i\000r\000m\000a\000t\000i\000o\000n}{subsection.239}% 166
\BOOKMARK [3][-]{subsubsection.270}{\376\377\000R\000a\000t\000i\000n\000g\000s\000\040\000\046\000\040\000C\000o\000m\000p\000l\000e\000t\000i\000o\000n\000\040\000W\000o\000r\000k\000f\000l\000o\000w}{subsection.239}% 167
\BOOKMARK [3][-]{subsubsection.273}{\376\377\000S\000O\000S\000\040\000/\000\040\000E\000m\000e\000r\000g\000e\000n\000c\000y\000\040\000\046\000\040\000I\000n\000c\000i\000d\000e\000n\000t\000\040\000M\000a\000n\000a\000g\000e\000m\000e\000n\000t}{subsection.239}% 168
\BOOKMARK [3][-]{subsubsection.276}{\376\377\000D\000i\000s\000p\000u\000t\000e\000\040\000M\000a\000n\000a\000g\000e\000m\000e\000n\000t\000\040\000\046\000\040\000A\000d\000m\000i\000n\000\040\000D\000a\000s\000h\000b\000o\000a\000r\000d}{subsection.239}% 169
\BOOKMARK [3][-]{subsubsection.279}{\376\377\000N\000o\000t\000i\000f\000i\000c\000a\000t\000i\000o\000n\000\040\000S\000e\000r\000v\000i\000c\000e}{subsection.239}% 170
\BOOKMARK [3][-]{subsubsection.282}{\376\377\000R\000e\000c\000o\000m\000m\000e\000n\000d\000a\000t\000i\000o\000n\000\040\000\050\000M\000L\000\051\000\040\000S\000e\000r\000v\000i\000c\000e}{subsection.239}% 171
\BOOKMARK [3][-]{subsubsection.285}{\376\377\000S\000m\000a\000r\000t\000\040\000C\000h\000a\000t\000b\000o\000t\000\040\000S\000u\000p\000p\000o\000r\000t}{subsection.239}% 172
\BOOKMARK [3][-]{subsubsection.288}{\376\377\000A\000u\000d\000i\000t\000\040\000/\000\040\000L\000o\000g\000g\000i\000n\000g\000\040\000/\000\040\000A\000n\000a\000l\000y\000t\000i\000c\000s}{subsection.239}% 173
\BOOKMARK [1][-]{section.291}{\376\377\000D\000a\000t\000a\000\040\000D\000e\000s\000i\000g\000n}{chapter.128}% 174
\BOOKMARK [2][-]{subsection.292}{\376\377\000E\000n\000t\000i\000t\000y\000\040\000R\000e\000l\000a\000t\000i\000o\000n\000s\000h\000i\000p\000\040\000D\000i\000a\000g\000r\000a\000m\000\040\000\050\000E\000R\000D\000\051}{section.291}% 175
\BOOKMARK [2][-]{subsection.295}{\376\377\000D\000a\000t\000a\000b\000a\000s\000e\000\040\000A\000r\000c\000h\000i\000t\000e\000c\000t\000u\000r\000e}{section.291}% 176
\BOOKMARK [1][-]{section.296}{\376\377\000D\000a\000t\000a\000b\000a\000s\000e\000\040\000S\000c\000h\000e\000m\000a\000\040\000D\000i\000a\000g\000r\000a\000m}{chapter.128}% 177
\BOOKMARK [2][-]{subsection.299}{\376\377\000D\000a\000t\000a\000\040\000D\000i\000c\000t\000i\000o\000n\000a\000r\000y}{section.296}% 178
\BOOKMARK [1][-]{section.326}{\376\377\000D\000a\000t\000a\000b\000a\000s\000e\000\040\000T\000a\000b\000l\000e\000s\000\040\000/\000\040\000C\000o\000l\000l\000e\000c\000t\000i\000o\000n\000s}{chapter.128}% 179
\BOOKMARK [2][-]{subsection.327}{\376\377\000U\000s\000e\000r\000\040\000C\000o\000l\000l\000e\000c\000t\000i\000o\000n\000\040\000/\000\040\000T\000a\000b\000l\000e}{section.326}% 180
\BOOKMARK [2][-]{subsection.330}{\376\377\000C\000o\000r\000e\000\040\000D\000a\000t\000a\000\040\000C\000o\000l\000l\000e\000c\000t\000i\000o\000n}{section.326}% 181
\BOOKMARK [3][-]{subsubsection.331}{\376\377\000P\000a\000s\000s\000e\000n\000g\000e\000r\000\040\000D\000a\000t\000a\000\040\000\050\000U\000s\000e\000r\000s\000D\000a\000t\000a\000\051}{subsection.330}% 182
\BOOKMARK [3][-]{subsubsection.334}{\376\377\000D\000r\000i\000v\000e\000r\000\040\000D\000a\000t\000a\000\040\000\050\000U\000s\000e\000r\000s\000D\000a\000t\000a\000\051}{subsection.330}% 183
\BOOKMARK [3][-]{subsubsection.337}{\376\377\000V\000e\000h\000i\000c\000l\000e\000\040\000T\000a\000b\000l\000e}{subsection.330}% 184
\BOOKMARK [3][-]{subsubsection.340}{\376\377\000R\000o\000u\000t\000e\000\040\000T\000a\000b\000l\000e}{subsection.330}% 185
\BOOKMARK [3][-]{subsubsection.343}{\376\377\000B\000o\000o\000k\000i\000n\000g\000\040\000T\000a\000b\000l\000e}{subsection.330}% 186
\BOOKMARK [3][-]{subsubsection.346}{\376\377\000T\000r\000i\000p\000\040\000T\000a\000b\000l\000e}{subsection.330}% 187
\BOOKMARK [3][-]{subsubsection.349}{\376\377\000T\000r\000i\000p\000P\000a\000y\000m\000e\000n\000t\000\040\000T\000a\000b\000l\000e}{subsection.330}% 188
\BOOKMARK [3][-]{subsubsection.352}{\376\377\000S\000o\000s\000I\000n\000c\000i\000d\000e\000n\000t\000\040\000T\000a\000b\000l\000e}{subsection.330}% 189
\BOOKMARK [3][-]{subsubsection.355}{\376\377\000E\000m\000e\000r\000g\000e\000n\000c\000y\000C\000o\000n\000t\000a\000c\000t\000\040\000T\000a\000b\000l\000e}{subsection.330}% 190
\BOOKMARK [3][-]{subsubsection.358}{\376\377\000C\000h\000a\000t\000M\000e\000s\000s\000a\000g\000e\000\040\000T\000a\000b\000l\000e}{subsection.330}% 191
\BOOKMARK [2][-]{subsection.361}{\376\377\000R\000e\000l\000a\000t\000i\000o\000n\000s\000h\000i\000p\000s\000\040\000B\000e\000t\000w\000e\000e\000n\000\040\000T\000a\000b\000l\000e\000s}{section.326}% 192
\BOOKMARK [2][-]{subsection.362}{\376\377\000S\000e\000c\000u\000r\000i\000t\000y\000\040\000a\000n\000d\000\040\000D\000a\000t\000a\000\040\000I\000n\000t\000e\000g\000r\000i\000t\000y}{section.326}% 193
\BOOKMARK [2][-]{subsection.363}{\376\377\000S\000c\000a\000l\000a\000b\000i\000l\000i\000t\000y\000\040\000C\000o\000n\000s\000i\000d\000e\000r\000a\000t\000i\000o\000n\000s}{section.326}% 194
\BOOKMARK [1][-]{section.364}{\376\377\000C\000h\000a\000p\000t\000e\000r\000\040\000S\000u\000m\000m\000a\000r\000y}{chapter.128}% 195
\BOOKMARK [0][-]{chapter.365}{\376\377\000I\000m\000p\000l\000e\000m\000e\000n\000t\000a\000t\000i\000o\000n}{}% 196
\BOOKMARK [1][-]{section.366}{\376\377\000D\000e\000v\000e\000l\000o\000p\000m\000e\000n\000t\000\040\000E\000n\000v\000i\000r\000o\000n\000m\000e\000n\000t}{chapter.365}% 197
\BOOKMARK [1][-]{section.367}{\376\377\000C\000o\000r\000e\000\040\000M\000o\000d\000u\000l\000e\000\040\000I\000m\000p\000l\000e\000m\000e\000n\000t\000a\000t\000i\000o\000n}{chapter.365}% 198
\BOOKMARK [2][-]{subsection.368}{\376\377\000M\000o\000d\000u\000l\000e\000\040\0001\000:\000\040\000A\000u\000t\000h\000e\000n\000t\000i\000c\000a\000t\000i\000o\000n\000\040\000\046\000\040\000V\000e\000r\000i\000f\000i\000c\000a\000t\000i\000o\000n\000\040\000M\000o\000d\000u\000l\000e}{section.367}% 199
\BOOKMARK [2][-]{subsection.369}{\376\377\000M\000o\000d\000u\000l\000e\000\040\0002\000:\000\040\000R\000i\000d\000e\000\040\000M\000a\000n\000a\000g\000e\000m\000e\000n\000t\000\040\000M\000o\000d\000u\000l\000e}{section.367}% 200
\BOOKMARK [2][-]{subsection.370}{\376\377\000M\000o\000d\000u\000l\000e\000\040\0003\000:\000\040\000B\000o\000o\000k\000i\000n\000g\000\040\000\046\000\040\000P\000a\000y\000m\000e\000n\000t\000\040\000M\000o\000d\000u\000l\000e}{section.367}% 201
\BOOKMARK [2][-]{subsection.371}{\376\377\000M\000o\000d\000u\000l\000e\000\040\0004\000:\000\040\000L\000i\000v\000e\000\040\000T\000r\000a\000c\000k\000i\000n\000g\000\040\000\046\000\040\000S\000a\000f\000e\000t\000y\000\040\000M\000o\000d\000u\000l\000e}{section.367}% 202
\BOOKMARK [2][-]{subsection.372}{\376\377\000M\000o\000d\000u\000l\000e\000\040\0005\000:\000\040\000A\000d\000m\000i\000n\000\040\000P\000o\000r\000t\000a\000l\000\040\000M\000o\000d\000u\000l\000e}{section.367}% 203
\BOOKMARK [1][-]{section.373}{\376\377\000A\000l\000g\000o\000r\000i\000t\000h\000m\000i\000c\000\040\000I\000m\000p\000l\000e\000m\000e\000n\000t\000a\000t\000i\000o\000n}{chapter.365}% 204
\BOOKMARK [2][-]{subsection.374}{\376\377\000A\000l\000g\000o\000r\000i\000t\000h\000m\000\040\0001\000:\000\040\000U\000s\000e\000r\000\040\000R\000e\000g\000i\000s\000t\000r\000a\000t\000i\000o\000n\000\040\000\046\000\040\000V\000e\000r\000i\000f\000i\000c\000a\000t\000i\000o\000n}{section.373}% 205
\BOOKMARK [2][-]{subsection.376}{\376\377\000A\000l\000g\000o\000r\000i\000t\000h\000m\000\040\0002\000:\000\040\000R\000i\000d\000e\000\040\000C\000r\000e\000a\000t\000i\000o\000n\000\040\000\046\000\040\000F\000a\000r\000e\000\040\000C\000a\000l\000c\000u\000l\000a\000t\000i\000o\000n}{section.373}% 206
\BOOKMARK [2][-]{subsection.378}{\376\377\000A\000l\000g\000o\000r\000i\000t\000h\000m\000\040\0003\000:\000\040\000R\000i\000d\000e\000\040\000B\000o\000o\000k\000i\000n\000g\000\040\000\046\000\040\000S\000e\000a\000t\000\040\000L\000o\000c\000k\000i\000n\000g}{section.373}% 207
\BOOKMARK [2][-]{subsection.380}{\376\377\000A\000l\000g\000o\000r\000i\000t\000h\000m\000\040\0004\000:\000\040\000L\000i\000v\000e\000\040\000T\000r\000a\000c\000k\000i\000n\000g\000\040\000\046\000\040\000P\000i\000c\000k\000u\000p\000\040\000C\000o\000d\000e\000\040\000V\000e\000r\000i\000f\000i\000c\000a\000t\000i\000o\000n}{section.373}% 208
\BOOKMARK [2][-]{subsection.382}{\376\377\000A\000l\000g\000o\000r\000i\000t\000h\000m\000\040\0005\000:\000\040\000S\000O\000S\000\040\000E\000s\000c\000a\000l\000a\000t\000i\000o\000n\000\040\000L\000o\000g\000i\000c}{section.373}% 209
\BOOKMARK [2][-]{subsection.384}{\376\377\000A\000l\000g\000o\000r\000i\000t\000h\000m\000\040\0006\000:\000\040\000R\000i\000d\000e\000\040\000S\000u\000g\000g\000e\000s\000t\000i\000o\000n\000\040\000H\000e\000l\000p\000e\000r}{section.373}% 210
\BOOKMARK [2][-]{subsection.386}{\376\377\000A\000l\000g\000o\000r\000i\000t\000h\000m\000\040\0007\000:\000\040\000R\000o\000u\000t\000e\000\040\000E\000T\000A\000\040\000C\000a\000l\000c\000u\000l\000a\000t\000i\000o\000n}{section.373}% 211
\BOOKMARK [2][-]{subsection.388}{\376\377\000A\000l\000g\000o\000r\000i\000t\000h\000m\000\040\0008\000:\000\040\000T\000r\000i\000p\000\040\000A\000r\000c\000h\000i\000v\000i\000n\000g\000\040\000a\000n\000d\000\040\000S\000t\000a\000t\000e\000\040\000H\000i\000s\000t\000o\000r\000y}{section.373}% 212
\BOOKMARK [2][-]{subsection.390}{\376\377\000A\000l\000g\000o\000r\000i\000t\000h\000m\000\040\0009\000:\000\040\000P\000o\000l\000y\000l\000i\000n\000e\000\040\000D\000e\000c\000o\000d\000i\000n\000g\000\040\000f\000o\000r\000\040\000R\000o\000u\000t\000e\000\040\000G\000e\000o\000m\000e\000t\000r\000y}{section.373}% 213
\BOOKMARK [2][-]{subsection.392}{\376\377\000A\000l\000g\000o\000r\000i\000t\000h\000m\000\040\0001\0000\000:\000\040\000R\000i\000d\000e\000\040\000F\000a\000r\000e\000\040\000N\000e\000g\000o\000t\000i\000a\000t\000i\000o\000n\000\040\000P\000r\000o\000t\000o\000c\000o\000l}{section.373}% 214
\BOOKMARK [2][-]{subsection.394}{\376\377\000A\000l\000g\000o\000r\000i\000t\000h\000m\000\040\0001\0001\000:\000\040\000S\000u\000p\000p\000o\000r\000t\000\040\000C\000h\000a\000t\000b\000o\000t\000\040\000E\000n\000g\000i\000n\000e\000\040\000\050\000E\000n\000d\000-\000t\000o\000-\000E\000n\000d\000\040\000S\000t\000a\000t\000e\000\040\000M\000a\000c\000h\000i\000n\000e\000\040\000+\000\040\000A\000P\000I\000\040\000+\000\040\000R\000o\000u\000t\000i\000n\000g\000\040\000F\000a\000l\000l\000b\000a\000c\000k\000\051}{section.373}% 215
\BOOKMARK [2][-]{subsection.396}{\376\377\000A\000l\000g\000o\000r\000i\000t\000h\000m\000\040\0001\0002\000:\000\040\000N\000o\000t\000i\000f\000i\000c\000a\000t\000i\000o\000n\000\040\000D\000i\000s\000p\000a\000t\000c\000h}{section.373}% 216
\BOOKMARK [2][-]{subsection.398}{\376\377\000A\000l\000g\000o\000r\000i\000t\000h\000m\000\040\0001\0003\000:\000\040\000V\000e\000r\000i\000f\000i\000c\000a\000t\000i\000o\000n\000\040\000G\000u\000a\000r\000d\000\040\000a\000n\000d\000\040\000A\000n\000t\000i\000-\000F\000r\000a\000u\000d\000\040\000C\000h\000e\000c\000k}{section.373}% 217
\BOOKMARK [2][-]{subsection.400}{\376\377\000A\000l\000g\000o\000r\000i\000t\000h\000m\000\040\0001\0004\000:\000\040\000P\000a\000s\000s\000e\000n\000g\000e\000r\000\040\000B\000l\000o\000c\000k\000i\000n\000g\000\040\000P\000r\000o\000t\000o\000c\000o\000l}{section.373}% 218
\BOOKMARK [2][-]{subsection.402}{\376\377\000A\000l\000g\000o\000r\000i\000t\000h\000m\000\040\0001\0005\000:\000\040\000I\000n\000-\000R\000i\000d\000e\000\040\000C\000h\000a\000t\000\040\000S\000y\000n\000c\000h\000r\000o\000n\000i\000z\000a\000t\000i\000o\000n}{section.373}% 219
\BOOKMARK [2][-]{subsection.404}{\376\377\000A\000l\000g\000o\000r\000i\000t\000h\000m\000\040\0001\0006\000:\000\040\000P\000o\000s\000t\000-\000T\000r\000i\000p\000\040\000R\000a\000t\000i\000n\000g\000\040\000A\000g\000g\000r\000e\000g\000a\000t\000i\000o\000n}{section.373}% 220
\BOOKMARK [1][-]{section.406}{\376\377\000E\000x\000t\000e\000r\000n\000a\000l\000\040\000A\000P\000I\000s\000\040\000/\000\040\000S\000D\000K\000s}{chapter.365}% 221
\BOOKMARK [1][-]{section.409}{\376\377\000U\000s\000e\000r\000\040\000I\000n\000t\000e\000r\000f\000a\000c\000e\000\040\000I\000m\000p\000l\000e\000m\000e\000n\000t\000a\000t\000i\000o\000n}{chapter.365}% 222
\BOOKMARK [2][-]{subsection.410}{\376\377\000U\000I\000\040\000D\000e\000s\000i\000g\000n\000\040\000A\000p\000p\000r\000o\000a\000c\000h}{section.409}% 223
\BOOKMARK [2][-]{subsection.411}{\376\377\000S\000c\000r\000e\000e\000n\000-\000w\000i\000s\000e\000\040\000I\000m\000p\000l\000e\000m\000e\000n\000t\000a\000t\000i\000o\000n}{section.409}% 224
\BOOKMARK [3][-]{subsubsection.412}{\376\377\000U\000s\000e\000r\000\040\000S\000i\000g\000n\000u\000p}{subsection.411}% 225
\BOOKMARK [3][-]{subsubsection.415}{\376\377\000S\000c\000r\000e\000e\000n\000\040\0004\000:\000\040\000L\000o\000g\000i\000n\000\040\000S\000c\000r\000e\000e\000n}{subsection.411}% 226
\BOOKMARK [3][-]{subsubsection.418}{\376\377\000S\000c\000r\000e\000e\000n\000\040\0005\000:\000\040\000A\000c\000c\000o\000u\000n\000t\000\040\000S\000t\000a\000t\000u\000s\000\040\000\050\000B\000a\000n\000n\000e\000d\000/\000R\000e\000j\000e\000c\000t\000e\000d\000\051}{subsection.411}% 227
\BOOKMARK [3][-]{subsubsection.421}{\376\377\000C\000r\000e\000a\000t\000e\000\040\000R\000i\000d\000e\000:\000\040\000S\000i\000m\000p\000l\000i\000f\000i\000e\000d\000\040\000P\000o\000s\000t\000i\000n\000g\000\040\000F\000l\000o\000w}{subsection.411}% 228
\BOOKMARK [3][-]{subsubsection.424}{\376\377\000S\000c\000r\000e\000e\000n\000\040\0001\0004\000-\0001\0006\000:\000\040\000F\000i\000n\000d\000\040\000R\000i\000d\000e\000\040\000\050\000B\000r\000o\000w\000s\000e\000,\000\040\000P\000i\000c\000k\000u\000p\000/\000D\000r\000o\000p\000,\000\040\000a\000n\000d\000\040\000F\000i\000l\000t\000e\000r\000s\000\051}{subsection.411}% 229
\BOOKMARK [3][-]{subsubsection.427}{\376\377\000S\000c\000r\000e\000e\000n\000\040\0001\0007\000:\000\040\000R\000i\000d\000e\000\040\000D\000e\000t\000a\000i\000l\000s\000\040\000V\000i\000e\000w}{subsection.411}% 230
\BOOKMARK [3][-]{subsubsection.430}{\376\377\000S\000c\000r\000e\000e\000n\000\040\0001\0008\000:\000\040\000R\000e\000q\000u\000e\000s\000t\000\040\000R\000i\000d\000e\000\040\000\050\000B\000o\000o\000k\000i\000n\000g\000\040\000F\000o\000r\000m\000\051}{subsection.411}% 231
\BOOKMARK [3][-]{subsubsection.433}{\376\377\000S\000c\000r\000e\000e\000n\000\040\0001\0009\000:\000\040\000B\000o\000o\000k\000e\000d\000\040\000R\000i\000d\000e\000\040\000D\000e\000t\000a\000i\000l\000s}{subsection.411}% 232
\BOOKMARK [3][-]{subsubsection.436}{\376\377\000S\000c\000r\000e\000e\000n\000\040\0002\0001\000:\000\040\000N\000e\000g\000o\000t\000i\000a\000t\000i\000o\000n\000\040\000B\000e\000t\000w\000e\000e\000n\000\040\000P\000a\000s\000s\000e\000n\000g\000e\000r\000\040\000a\000n\000d\000\040\000D\000r\000i\000v\000e\000r}{subsection.411}% 233
\BOOKMARK [3][-]{subsubsection.439}{\376\377\000S\000c\000r\000e\000e\000n\000\040\0002\0002\000:\000\040\000D\000r\000i\000v\000e\000r\000\040\000R\000i\000d\000e\000\040\000D\000e\000t\000a\000i\000l\000s\000\040\000\050\000P\000e\000n\000d\000i\000n\000g\000\051}{subsection.411}% 234
\BOOKMARK [3][-]{subsubsection.442}{\376\377\000S\000c\000r\000e\000e\000n\000\040\0002\0003\000:\000\040\000N\000e\000g\000o\000t\000i\000a\000t\000i\000o\000n\000\040\000C\000o\000m\000p\000l\000e\000t\000e\000d}{subsection.411}% 235
\BOOKMARK [3][-]{subsubsection.445}{\376\377\000S\000c\000r\000e\000e\000n\000\040\0002\0004\000:\000\040\000M\000y\000\040\000R\000i\000d\000e\000s}{subsection.411}% 236
\BOOKMARK [3][-]{subsubsection.448}{\376\377\000S\000c\000r\000e\000e\000n\000\040\0002\0005\000:\000\040\000L\000i\000v\000e\000\040\000T\000r\000a\000c\000k\000i\000n\000g\000\040\000a\000n\000d\000\040\000P\000i\000c\000k\000u\000p\000\040\000V\000e\000r\000i\000f\000i\000c\000a\000t\000i\000o\000n}{subsection.411}% 237
\BOOKMARK [3][-]{subsubsection.451}{\376\377\000S\000c\000r\000e\000e\000n\000\040\0002\0009\000:\000\040\000P\000a\000y\000m\000e\000n\000t\000\040\000a\000n\000d\000\040\000R\000a\000t\000i\000n\000g\000\040\000S\000c\000r\000e\000e\000n}{subsection.411}% 238
\BOOKMARK [3][-]{subsubsection.454}{\376\377\000S\000c\000r\000e\000e\000n\000\040\0003\0001\000:\000\040\000M\000e\000s\000s\000a\000g\000i\000n\000g\000\040\000a\000n\000d\000\040\000U\000s\000e\000r\000\040\000C\000h\000a\000t}{subsection.411}% 239
\BOOKMARK [3][-]{subsubsection.457}{\376\377\000S\000c\000r\000e\000e\000n\000\040\0003\0002\000:\000\040\000S\000u\000p\000p\000o\000r\000t\000\040\000C\000h\000a\000t\000\040\000-\000\040\000B\000o\000t\000\040\000\046\000\040\000A\000d\000m\000i\000n}{subsection.411}% 240
\BOOKMARK [3][-]{subsubsection.460}{\376\377\000S\000c\000r\000e\000e\000n\000\040\0003\0003\000:\000\040\000N\000o\000t\000i\000f\000i\000c\000a\000t\000i\000o\000n\000s\000\040\000L\000i\000s\000t}{subsection.411}% 241
\BOOKMARK [3][-]{subsubsection.463}{\376\377\000S\000c\000r\000e\000e\000n\000\040\0003\0004\000-\0003\0005\000:\000\040\000E\000m\000e\000r\000g\000e\000n\000c\000y\000\040\000S\000O\000S}{subsection.411}% 242
\BOOKMARK [3][-]{subsubsection.466}{\376\377\000S\000c\000r\000e\000e\000n\000\040\0003\0006\000:\000\040\000P\000r\000o\000f\000i\000l\000e\000\040\000O\000v\000e\000r\000v\000i\000e\000w}{subsection.411}% 243
\BOOKMARK [3][-]{subsubsection.469}{\376\377\000S\000c\000r\000e\000e\000n\000\040\0003\0007\000:\000\040\000P\000r\000o\000f\000i\000l\000e\000\040\000A\000n\000a\000l\000y\000t\000i\000c\000s}{subsection.411}% 244
\BOOKMARK [3][-]{subsubsection.472}{\376\377\000S\000c\000r\000e\000e\000n\000\040\0003\0008\000:\000\040\000R\000i\000d\000e\000\040\000H\000i\000s\000t\000o\000r\000y\000\040\000\050\000B\000o\000o\000k\000e\000d\000/\000C\000r\000e\000a\000t\000e\000d\000\051}{subsection.411}% 245
\BOOKMARK [3][-]{subsubsection.475}{\376\377\000S\000c\000r\000e\000e\000n\000\040\0003\0009\000:\000\040\000D\000r\000i\000v\000e\000r\000\040\000V\000e\000r\000i\000f\000i\000c\000a\000t\000i\000o\000n\000\040\000D\000o\000c\000u\000m\000e\000n\000t\000s\000\040\000\050\000E\000d\000i\000t\000\051}{subsection.411}% 246
\BOOKMARK [3][-]{subsubsection.478}{\376\377\000S\000c\000r\000e\000e\000n\000\040\0004\0000\000:\000\040\000B\000l\000o\000c\000k\000e\000d\000\040\000U\000s\000e\000r\000s}{subsection.411}% 247
\BOOKMARK [3][-]{subsubsection.481}{\376\377\000S\000c\000r\000e\000e\000n\000\040\0004\0001\000:\000\040\000W\000e\000b\000\040\000L\000i\000v\000e\000\040\000T\000r\000a\000c\000k\000i\000n\000g\000\040\000\050\000E\000x\000t\000e\000r\000n\000a\000l\000\051}{subsection.411}% 248
\BOOKMARK [3][-]{subsubsection.484}{\376\377\000S\000c\000r\000e\000e\000n\000\040\0004\0002\000:\000\040\000A\000d\000m\000i\000n\000\040\000L\000o\000g\000i\000n}{subsection.411}% 249
\BOOKMARK [3][-]{subsubsection.487}{\376\377\000S\000c\000r\000e\000e\000n\000\040\0004\0003\000:\000\040\000A\000d\000m\000i\000n\000\040\000D\000a\000s\000h\000b\000o\000a\000r\000d\000\040\000\050\000O\000v\000e\000r\000v\000i\000e\000w\000\051}{subsection.411}% 250
\BOOKMARK [3][-]{subsubsection.490}{\376\377\000S\000c\000r\000e\000e\000n\000\040\0004\0004\000:\000\040\000R\000i\000d\000e\000s\000\040\000D\000a\000s\000h\000b\000o\000a\000r\000d}{subsection.411}% 251
\BOOKMARK [3][-]{subsubsection.493}{\376\377\000S\000c\000r\000e\000e\000n\000\040\0004\0005\000:\000\040\000R\000e\000a\000c\000h\000e\000d\000\040\000P\000e\000n\000d\000i\000n\000g\000\040\000D\000a\000s\000h\000b\000o\000a\000r\000d}{subsection.411}% 252
\BOOKMARK [3][-]{subsubsection.496}{\376\377\000S\000c\000r\000e\000e\000n\000\040\0004\0006\000:\000\040\000S\000O\000S\000\040\000I\000n\000c\000i\000d\000e\000n\000t\000s\000\040\000D\000a\000s\000h\000b\000o\000a\000r\000d}{subsection.411}% 253
\BOOKMARK [3][-]{subsubsection.499}{\376\377\000S\000c\000r\000e\000e\000n\000\040\0004\0007\000:\000\040\000U\000s\000e\000r\000s\000\040\000M\000a\000n\000a\000g\000e\000m\000e\000n\000t}{subsection.411}% 254
\BOOKMARK [3][-]{subsubsection.502}{\376\377\000S\000c\000r\000e\000e\000n\000\040\0004\0008\000:\000\040\000C\000h\000a\000n\000g\000e\000\040\000R\000e\000q\000u\000e\000s\000t\000s\000\040\000D\000a\000s\000h\000b\000o\000a\000r\000d}{subsection.411}% 255
\BOOKMARK [3][-]{subsubsection.505}{\376\377\000S\000c\000r\000e\000e\000n\000\040\0004\0009\000:\000\040\000A\000d\000m\000i\000n\000\040\000T\000o\000d\000o\000s\000\040\000I\000n\000b\000o\000x}{subsection.411}% 256
\BOOKMARK [3][-]{subsubsection.508}{\376\377\000S\000c\000r\000e\000e\000n\000\040\0005\0000\000:\000\040\000S\000u\000p\000p\000o\000r\000t\000\040\000F\000A\000Q\000s\000\040\000M\000a\000n\000a\000g\000e\000m\000e\000n\000t}{subsection.411}% 257
\BOOKMARK [3][-]{subsubsection.511}{\376\377\000S\000c\000r\000e\000e\000n\000\040\0005\0001\000:\000\040\000G\000u\000e\000s\000t\000\040\000S\000u\000p\000p\000o\000r\000t\000\040\000U\000s\000e\000r\000s\000\040\000L\000i\000s\000t}{subsection.411}% 258
\BOOKMARK [2][-]{subsection.514}{\376\377\000N\000a\000v\000i\000g\000a\000t\000i\000o\000n\000\040\000F\000l\000o\000w\000\040\000D\000i\000a\000g\000r\000a\000m}{section.409}% 259
\BOOKMARK [2][-]{subsection.517}{\376\377\000R\000e\000s\000p\000o\000n\000s\000i\000v\000e\000n\000e\000s\000s\000\040\000a\000n\000d\000\040\000P\000e\000r\000f\000o\000r\000m\000a\000n\000c\000e}{section.409}% 260
\BOOKMARK [1][-]{section.518}{\376\377\000D\000e\000p\000l\000o\000y\000m\000e\000n\000t}{chapter.365}% 261
\BOOKMARK [0][-]{chapter.521}{\376\377\000T\000e\000s\000t\000i\000n\000g\000\040\000a\000n\000d\000\040\000E\000v\000a\000l\000u\000a\000t\000i\000o\000n}{}% 262
\BOOKMARK [1][-]{section.522}{\376\377\000T\000e\000s\000t\000i\000n\000g\000\040\000S\000t\000r\000a\000t\000e\000g\000y}{chapter.521}% 263
\BOOKMARK [1][-]{section.523}{\376\377\000U\000n\000i\000t\000\040\000T\000e\000s\000t\000i\000n\000g}{chapter.521}% 264
\BOOKMARK [2][-]{subsection.526}{\376\377\000B\000a\000c\000k\000e\000n\000d\000\040\000U\000n\000i\000t\000\040\000T\000e\000s\000t\000i\000n\000g\000\040\000\050\000P\000y\000t\000e\000s\000t\000\051}{section.523}% 265
\BOOKMARK [2][-]{subsection.535}{\376\377\000F\000r\000o\000n\000t\000e\000n\000d\000\040\000B\000e\000h\000a\000v\000i\000o\000r\000a\000l\000\040\000T\000e\000s\000t\000i\000n\000g\000\040\000\050\000F\000l\000u\000t\000t\000e\000r\000\051}{section.523}% 266
\BOOKMARK [2][-]{subsection.538}{\376\377\000F\000r\000o\000n\000t\000e\000n\000d\000\040\000C\000o\000d\000e\000\040\000C\000o\000n\000t\000r\000a\000c\000t\000\040\000V\000e\000r\000i\000f\000i\000c\000a\000t\000i\000o\000n}{section.523}% 267
\BOOKMARK [1][-]{section.543}{\376\377\000I\000n\000t\000e\000g\000r\000a\000t\000i\000o\000n\000\040\000T\000e\000s\000t\000i\000n\000g}{chapter.521}% 268
\BOOKMARK [1][-]{section.546}{\376\377\000A\000P\000I\000\040\000E\000n\000d\000p\000o\000i\000n\000t\000\040\000V\000a\000l\000i\000d\000a\000t\000i\000o\000n\000\040\000v\000i\000a\000\040\000P\000o\000s\000t\000m\000a\000n}{chapter.521}% 269
\BOOKMARK [2][-]{subsection.547}{\376\377\000C\000o\000r\000e\000\040\000L\000i\000f\000e\000c\000y\000c\000l\000e\000\040\000A\000P\000I\000s}{section.546}% 270
\BOOKMARK [2][-]{subsection.554}{\376\377\000T\000r\000i\000p\000\040\000E\000x\000e\000c\000u\000t\000i\000o\000n\000\040\000a\000n\000d\000\040\000R\000e\000a\000l\000-\000t\000i\000m\000e\000\040\000U\000p\000d\000a\000t\000e\000s}{section.546}% 271
\BOOKMARK [2][-]{subsection.561}{\376\377\000I\000n\000f\000r\000a\000s\000t\000r\000u\000c\000t\000u\000r\000e\000\040\000a\000n\000d\000\040\000S\000a\000f\000e\000t\000y\000\040\000S\000e\000r\000v\000i\000c\000e\000s}{section.546}% 272
\BOOKMARK [1][-]{section.568}{\376\377\000S\000y\000s\000t\000e\000m\000\040\000T\000e\000s\000t\000i\000n\000g}{chapter.521}% 273
\BOOKMARK [1][-]{section.569}{\376\377\000P\000e\000r\000f\000o\000r\000m\000a\000n\000c\000e\000\040\000T\000e\000s\000t\000i\000n\000g}{chapter.521}% 274
\BOOKMARK [1][-]{section.574}{\376\377\000S\000e\000c\000u\000r\000i\000t\000y\000\040\000T\000e\000s\000t\000i\000n\000g}{chapter.521}% 275
\BOOKMARK [1][-]{section.583}{\376\377\000M\000a\000c\000h\000i\000n\000e\000\040\000L\000e\000a\000r\000n\000i\000n\000g\000\040\000M\000o\000d\000e\000l\000\040\000E\000v\000a\000l\000u\000a\000t\000i\000o\000n}{chapter.521}% 276
\BOOKMARK [2][-]{subsection.584}{\376\377\000R\000a\000n\000k\000i\000n\000g\000\040\000L\000o\000g\000i\000c\000\040\000F\000a\000c\000t\000o\000r\000s}{section.583}% 277
\BOOKMARK [2][-]{subsection.585}{\376\377\000E\000v\000a\000l\000u\000a\000t\000i\000o\000n\000\040\000P\000e\000r\000f\000o\000r\000m\000a\000n\000c\000e\000\040\000M\000e\000t\000r\000i\000c\000s}{section.583}% 278
\BOOKMARK [2][-]{subsection.588}{\376\377\000E\000r\000r\000o\000r\000\040\000A\000n\000a\000l\000y\000s\000i\000s\000\040\000\050\000W\000o\000r\000s\000t\000\040\000C\000a\000s\000e\000s\000\051}{section.583}% 279
\BOOKMARK [1][-]{section.591}{\376\377\000U\000s\000e\000r\000\040\000A\000c\000c\000e\000p\000t\000a\000n\000c\000e\000\040\000T\000e\000s\000t\000i\000n\000g}{chapter.521}% 280
\BOOKMARK [1][-]{section.592}{\376\377\000A\000u\000t\000o\000m\000a\000t\000e\000d\000\040\000T\000e\000s\000t\000\040\000E\000x\000e\000c\000u\000t\000i\000o\000n\000\040\000R\000e\000s\000u\000l\000t\000s\000\040\000\050\000P\000r\000o\000o\000f\000s\000\051\000\040\0006\000.\0001\0000}{chapter.521}% 281
\BOOKMARK [2][-]{subsection.593}{\376\377\000F\000r\000o\000n\000t\000e\000n\000d\000\040\000U\000n\000i\000t\000\040\000a\000n\000d\000\040\000W\000i\000d\000g\000e\000t\000\040\000T\000e\000s\000t\000s\000\040\0006\000.\0001\0000\000.\0001}{section.592}% 282
\BOOKMARK [2][-]{subsection.598}{\376\377\000B\000a\000c\000k\000e\000n\000d\000\040\000L\000o\000g\000i\000c\000\040\000a\000n\000d\000\040\000V\000i\000e\000w\000\040\000T\000e\000s\000t\000s}{section.592}% 283
\BOOKMARK [1][-]{section.601}{\376\377\000T\000e\000s\000t\000i\000n\000g\000\040\000S\000u\000m\000m\000a\000r\000y}{chapter.521}% 284
\BOOKMARK [0][-]{chapter.602}{\376\377\000C\000o\000n\000c\000l\000u\000s\000i\000o\000n\000\040\000a\000n\000d\000\040\000F\000u\000t\000u\000r\000e\000\040\000W\000o\000r\000k}{}% 285
\BOOKMARK [1][-]{section.603}{\376\377\000C\000o\000n\000c\000l\000u\000s\000i\000o\000n}{chapter.602}% 286
\BOOKMARK [1][-]{section.604}{\376\377\000F\000u\000t\000u\000r\000e\000\040\000W\000o\000r\000k}{chapter.602}% 287
\BOOKMARK [1][-]{section.605}{\376\377\000L\000i\000m\000i\000t\000a\000t\000i\000o\000n\000s}{chapter.602}% 288
\BOOKMARK [0][-]{appendix*.607}{\376\377\000A\000p\000p\000e\000n\000d\000i\000c\000e\000s}{}% 289
\BOOKMARK [1][-]{section*.608}{\376\377\000A\000p\000p\000e\000n\000d\000i\000x\000\040\000A\000\040\040\023\000\040\000T\000u\000r\000n\000i\000t\000i\000n\000\040\000S\000i\000m\000i\000l\000a\000r\000i\000t\000y\000\040\000R\000e\000p\000o\000r\000t}{appendix*.607}% 290
\BOOKMARK [1][-]{figure.610}{\376\377\000A\000p\000p\000e\000n\000d\000i\000x\000\040\000C\000\040\040\023\000\040\000S\000o\000u\000r\000c\000e\000\040\000C\000o\000d\000e}{appendix*.607}% 291
